// Jest Snapshot v1, https://goo.gl/fbAQLP

exports[`Navigation Component should render authenticated routes 1`] = `
<nav
  className="nav"
>
  <div
    className="navMenu"
  >
    <div>
      <a
        className="brand"
        href="/"
        onClick={[Function]}
      >
        Lifestyle
      </a>
    </div>
    <div>
      <ul
        className="navItems"
      >
        <li
          className="navLink"
          data-test-id="link-Home"
        >
          <a
            className="navAnchor"
            href="/"
            onClick={[Function]}
          >
            Home
          </a>
        </li>
        <li
          className="navLink"
          data-test-id="link-About Us"
        >
          <a
            className="navAnchor"
            href="/about-us"
            onClick={[Function]}
          >
            About Us
          </a>
        </li>
        <li
          className="navLink"
          data-test-id="link-Profile"
        >
          <a
            className="navAnchor"
            href="/profile/123456789"
            onClick={[Function]}
          >
            Profile
          </a>
        </li>
      </ul>
    </div>
    <div
      className="social"
    >
      <a
        href="/"
        onClick={[Function]}
      />
      <a
        href="/"
        onClick={[Function]}
      />
      <a
        href="/"
        onClick={[Function]}
      />
      <a
        href="/"
        onClick={[Function]}
      />
    </div>
  </div>
</nav>
`;
